2025-10-17 18:45:09 - resume_assesor - INFO - Resume redaction completed.
2025-10-17 18:45:09 - resume_assesor - INFO - Successfully accessed the job description file.
2025-10-17 18:45:13 - resume_assesor - INFO - Resume assessment successful.
2025-10-18 17:21:02 - resume_assesor - INFO - Resume redaction completed.
2025-10-18 17:21:02 - resume_assesor - INFO - Successfully accessed the job description file.
2025-10-18 17:21:06 - resume_assesor - INFO - Resume assessment successful.
2025-10-19 13:12:45 - resume_assesor - ERROR - Resume redaction failed: Failed to initialize LLM: Missing required environment variable: OPENAI_API_KEY. Ensure your .env or deployment configuration sets it.
Traceback (most recent call last):
  File "/home/harinda/PycharmProjects/Suncorp_resume_project/redactor.py", line 91, in load_llm
    _require_env("OPENAI_API_KEY")
  File "/home/harinda/PycharmProjects/Suncorp_resume_project/redactor.py", line 68, in _require_env
    raise RuntimeError(
RuntimeError: Missing required environment variable: OPENAI_API_KEY. Ensure your .env or deployment configuration sets it.

The above exception was the direct cause of the following exception:

Traceback (most recent call last):
  File "/home/harinda/PycharmProjects/Suncorp_resume_project/main.py", line 117, in resume_evaluator
    redactored_resume = redaction_run(resume_path=resume_path)
                        ^^^^^^^^^^^^^^^^^^^^^^^^^^^^^^^^^^^^^^
  File "/home/harinda/PycharmProjects/Suncorp_resume_project/redactor.py", line 122, in redaction_run
    llm = load_llm()
          ^^^^^^^^^^
  File "/home/harinda/PycharmProjects/Suncorp_resume_project/redactor.py", line 99, in load_llm
    raise RuntimeError(f"Failed to initialize LLM: {llm_e}") from llm_e
RuntimeError: Failed to initialize LLM: Missing required environment variable: OPENAI_API_KEY. Ensure your .env or deployment configuration sets it.
2025-10-19 13:14:11 - resume_assesor - ERROR - Resume redaction failed: Failed to initialize LLM: Missing required environment variable: OPENAI_API_KEY. Ensure your .env or deployment configuration sets it.
Traceback (most recent call last):
  File "/home/harinda/PycharmProjects/Suncorp_resume_project/redactor.py", line 91, in load_llm
    _require_env("OPENAI_API_KEY")
  File "/home/harinda/PycharmProjects/Suncorp_resume_project/redactor.py", line 68, in _require_env
    raise RuntimeError(
RuntimeError: Missing required environment variable: OPENAI_API_KEY. Ensure your .env or deployment configuration sets it.

The above exception was the direct cause of the following exception:

Traceback (most recent call last):
  File "/home/harinda/PycharmProjects/Suncorp_resume_project/main.py", line 117, in resume_evaluator
    redactored_resume = redaction_run(resume_path=resume_path)
                        ^^^^^^^^^^^^^^^^^^^^^^^^^^^^^^^^^^^^^^
  File "/home/harinda/PycharmProjects/Suncorp_resume_project/redactor.py", line 122, in redaction_run
    llm = load_llm()
          ^^^^^^^^^^
  File "/home/harinda/PycharmProjects/Suncorp_resume_project/redactor.py", line 99, in load_llm
    raise RuntimeError(f"Failed to initialize LLM: {llm_e}") from llm_e
RuntimeError: Failed to initialize LLM: Missing required environment variable: OPENAI_API_KEY. Ensure your .env or deployment configuration sets it.
2025-10-19 13:16:03 - resume_assesor - ERROR - Resume redaction failed: Failed to initialize LLM: Missing required environment variable: OPENAI_API_KEY. Ensure your .env or deployment configuration sets it.
Traceback (most recent call last):
  File "/home/harinda/PycharmProjects/Suncorp_resume_project/redactor.py", line 91, in load_llm
    _require_env("OPENAI_API_KEY")
  File "/home/harinda/PycharmProjects/Suncorp_resume_project/redactor.py", line 68, in _require_env
    raise RuntimeError(
RuntimeError: Missing required environment variable: OPENAI_API_KEY. Ensure your .env or deployment configuration sets it.

The above exception was the direct cause of the following exception:

Traceback (most recent call last):
  File "/home/harinda/PycharmProjects/Suncorp_resume_project/main.py", line 117, in resume_evaluator
    redactored_resume = redaction_run(resume_path=resume_path)
                        ^^^^^^^^^^^^^^^^^^^^^^^^^^^^^^^^^^^^^^
  File "/home/harinda/PycharmProjects/Suncorp_resume_project/redactor.py", line 122, in redaction_run
    llm = load_llm()
          ^^^^^^^^^^
  File "/home/harinda/PycharmProjects/Suncorp_resume_project/redactor.py", line 99, in load_llm
    raise RuntimeError(f"Failed to initialize LLM: {llm_e}") from llm_e
RuntimeError: Failed to initialize LLM: Missing required environment variable: OPENAI_API_KEY. Ensure your .env or deployment configuration sets it.
2025-10-19 13:22:19 - resume_assesor - INFO - Resume redaction completed.
2025-10-19 13:22:19 - resume_assesor - INFO - Successfully accessed the job description file.
2025-10-19 13:22:23 - resume_assesor - INFO - Resume assessment successful.
2025-10-19 13:23:21 - resume_assesor - CRITICAL - Input file format not supported
